Building source distribution...
running egg_info
writing reactivegraph_cli.egg-info/PKG-INFO
writing dependency_links to reactivegraph_cli.egg-info/dependency_links.txt
writing entry points to reactivegraph_cli.egg-info/entry_points.txt
writing requirements to reactivegraph_cli.egg-info/requires.txt
writing top-level names to reactivegraph_cli.egg-info/top_level.txt
reading manifest file 'reactivegraph_cli.egg-info/SOURCES.txt'
writing manifest file 'reactivegraph_cli.egg-info/SOURCES.txt'
running sdist
running egg_info
writing reactivegraph_cli.egg-info/PKG-INFO
writing dependency_links to reactivegraph_cli.egg-info/dependency_links.txt
writing entry points to reactivegraph_cli.egg-info/entry_points.txt
writing requirements to reactivegraph_cli.egg-info/requires.txt
writing top-level names to reactivegraph_cli.egg-info/top_level.txt
reading manifest file 'reactivegraph_cli.egg-info/SOURCES.txt'
writing manifest file 'reactivegraph_cli.egg-info/SOURCES.txt'
running check
creating reactivegraph_cli-0.1.0
creating reactivegraph_cli-0.1.0/reactivegraph_cli
creating reactivegraph_cli-0.1.0/reactivegraph_cli.egg-info
creating reactivegraph_cli-0.1.0/tests
copying files to reactivegraph_cli-0.1.0...
copying README.md -> reactivegraph_cli-0.1.0
copying pyproject.toml -> reactivegraph_cli-0.1.0
copying reactivegraph_cli/__init__.py -> reactivegraph_cli-0.1.0/reactivegraph_cli
copying reactivegraph_cli/cli.py -> reactivegraph_cli-0.1.0/reactivegraph_cli
copying reactivegraph_cli.egg-info/PKG-INFO -> reactivegraph_cli-0.1.0/reactivegraph_cli.egg-info
copying reactivegraph_cli.egg-info/SOURCES.txt -> reactivegraph_cli-0.1.0/reactivegraph_cli.egg-info
copying reactivegraph_cli.egg-info/dependency_links.txt -> reactivegraph_cli-0.1.0/reactivegraph_cli.egg-info
copying reactivegraph_cli.egg-info/entry_points.txt -> reactivegraph_cli-0.1.0/reactivegraph_cli.egg-info
copying reactivegraph_cli.egg-info/requires.txt -> reactivegraph_cli-0.1.0/reactivegraph_cli.egg-info
copying reactivegraph_cli.egg-info/top_level.txt -> reactivegraph_cli-0.1.0/reactivegraph_cli.egg-info
copying tests/test_cli.py -> reactivegraph_cli-0.1.0/tests
Writing reactivegraph_cli-0.1.0/setup.cfg
Creating tar archive
removing 'reactivegraph_cli-0.1.0' (and everything under it)
Building wheel from source distribution...
running egg_info
writing reactivegraph_cli.egg-info/PKG-INFO
writing dependency_links to reactivegraph_cli.egg-info/dependency_links.txt
writing entry points to reactivegraph_cli.egg-info/entry_points.txt
writing requirements to reactivegraph_cli.egg-info/requires.txt
writing top-level names to reactivegraph_cli.egg-info/top_level.txt
reading manifest file 'reactivegraph_cli.egg-info/SOURCES.txt'
writing manifest file 'reactivegraph_cli.egg-info/SOURCES.txt'
running bdist_wheel
running build
running build_py
creating build/lib/reactivegraph_cli
copying reactivegraph_cli/__init__.py -> build/lib/reactivegraph_cli
copying reactivegraph_cli/cli.py -> build/lib/reactivegraph_cli
running egg_info
writing reactivegraph_cli.egg-info/PKG-INFO
writing dependency_links to reactivegraph_cli.egg-info/dependency_links.txt
writing entry points to reactivegraph_cli.egg-info/entry_points.txt
writing requirements to reactivegraph_cli.egg-info/requires.txt
writing top-level names to reactivegraph_cli.egg-info/top_level.txt
reading manifest file 'reactivegraph_cli.egg-info/SOURCES.txt'
writing manifest file 'reactivegraph_cli.egg-info/SOURCES.txt'
installing to build/bdist.macosx-10.15-x86_64/wheel
running install
running install_lib
creating build/bdist.macosx-10.15-x86_64/wheel
creating build/bdist.macosx-10.15-x86_64/wheel/reactivegraph_cli
copying build/lib/reactivegraph_cli/__init__.py -> build/bdist.macosx-10.15-x86_64/wheel/./reactivegraph_cli
copying build/lib/reactivegraph_cli/cli.py -> build/bdist.macosx-10.15-x86_64/wheel/./reactivegraph_cli
running install_egg_info
Copying reactivegraph_cli.egg-info to build/bdist.macosx-10.15-x86_64/wheel/./reactivegraph_cli-0.1.0-py3.12.egg-info
running install_scripts
creating build/bdist.macosx-10.15-x86_64/wheel/reactivegraph_cli-0.1.0.dist-info/WHEEL
creating '/tmp/proof-dist/reactivegraph_cli/.tmp-9q7zstc6/reactivegraph_cli-0.1.0-py3-none-any.whl' and adding 'build/bdist.macosx-10.15-x86_64/wheel' to it
adding 'reactivegraph_cli/__init__.py'
adding 'reactivegraph_cli/cli.py'
adding 'reactivegraph_cli-0.1.0.dist-info/METADATA'
adding 'reactivegraph_cli-0.1.0.dist-info/WHEEL'
adding 'reactivegraph_cli-0.1.0.dist-info/entry_points.txt'
adding 'reactivegraph_cli-0.1.0.dist-info/top_level.txt'
adding 'reactivegraph_cli-0.1.0.dist-info/RECORD'
removing build/bdist.macosx-10.15-x86_64/wheel
Successfully built /tmp/proof-dist/reactivegraph_cli/reactivegraph_cli-0.1.0.tar.gz
Successfully built /tmp/proof-dist/reactivegraph_cli/reactivegraph_cli-0.1.0-py3-none-any.whl
