Building source distribution...
running egg_info
writing reactivegraph.egg-info/PKG-INFO
writing dependency_links to reactivegraph.egg-info/dependency_links.txt
writing entry points to reactivegraph.egg-info/entry_points.txt
writing requirements to reactivegraph.egg-info/requires.txt
writing top-level names to reactivegraph.egg-info/top_level.txt
reading manifest file 'reactivegraph.egg-info/SOURCES.txt'
writing manifest file 'reactivegraph.egg-info/SOURCES.txt'
running sdist
running egg_info
writing reactivegraph.egg-info/PKG-INFO
writing dependency_links to reactivegraph.egg-info/dependency_links.txt
writing entry points to reactivegraph.egg-info/entry_points.txt
writing requirements to reactivegraph.egg-info/requires.txt
writing top-level names to reactivegraph.egg-info/top_level.txt
reading manifest file 'reactivegraph.egg-info/SOURCES.txt'
writing manifest file 'reactivegraph.egg-info/SOURCES.txt'
running check
creating reactivegraph-0.1.0
creating reactivegraph-0.1.0/reactivegraph
creating reactivegraph-0.1.0/reactivegraph.egg-info
creating reactivegraph-0.1.0/tests
copying files to reactivegraph-0.1.0...
copying README.md -> reactivegraph-0.1.0
copying pyproject.toml -> reactivegraph-0.1.0
copying reactivegraph/__init__.py -> reactivegraph-0.1.0/reactivegraph
copying reactivegraph/_protocol_version.py -> reactivegraph-0.1.0/reactivegraph
copying reactivegraph/cli.py -> reactivegraph-0.1.0/reactivegraph
copying reactivegraph/functional.py -> reactivegraph-0.1.0/reactivegraph
copying reactivegraph/graph.py -> reactivegraph-0.1.0/reactivegraph
copying reactivegraph/host.py -> reactivegraph-0.1.0/reactivegraph
copying reactivegraph/prebuilt.py -> reactivegraph-0.1.0/reactivegraph
copying reactivegraph/protocol.py -> reactivegraph-0.1.0/reactivegraph
copying reactivegraph/state.py -> reactivegraph-0.1.0/reactivegraph
copying reactivegraph.egg-info/PKG-INFO -> reactivegraph-0.1.0/reactivegraph.egg-info
copying reactivegraph.egg-info/SOURCES.txt -> reactivegraph-0.1.0/reactivegraph.egg-info
copying reactivegraph.egg-info/dependency_links.txt -> reactivegraph-0.1.0/reactivegraph.egg-info
copying reactivegraph.egg-info/entry_points.txt -> reactivegraph-0.1.0/reactivegraph.egg-info
copying reactivegraph.egg-info/requires.txt -> reactivegraph-0.1.0/reactivegraph.egg-info
copying reactivegraph.egg-info/top_level.txt -> reactivegraph-0.1.0/reactivegraph.egg-info
copying tests/test_async_api.py -> reactivegraph-0.1.0/tests
copying tests/test_cli.py -> reactivegraph-0.1.0/tests
copying tests/test_driver_lifecycle.py -> reactivegraph-0.1.0/tests
copying tests/test_driver_p2.py -> reactivegraph-0.1.0/tests
copying tests/test_driver_scheduling.py -> reactivegraph-0.1.0/tests
copying tests/test_error_hints.py -> reactivegraph-0.1.0/tests
copying tests/test_functional.py -> reactivegraph-0.1.0/tests
copying tests/test_native_graph.py -> reactivegraph-0.1.0/tests
copying tests/test_observability.py -> reactivegraph-0.1.0/tests
copying tests/test_prebuilt.py -> reactivegraph-0.1.0/tests
copying tests/test_protocol.py -> reactivegraph-0.1.0/tests
copying tests/test_protocol_version.py -> reactivegraph-0.1.0/tests
copying tests/test_streaming_tokens.py -> reactivegraph-0.1.0/tests
copying tests/test_time_travel.py -> reactivegraph-0.1.0/tests
copying tests/test_tracked_state.py -> reactivegraph-0.1.0/tests
Writing reactivegraph-0.1.0/setup.cfg
Creating tar archive
removing 'reactivegraph-0.1.0' (and everything under it)
Building wheel from source distribution...
running egg_info
writing reactivegraph.egg-info/PKG-INFO
writing dependency_links to reactivegraph.egg-info/dependency_links.txt
writing entry points to reactivegraph.egg-info/entry_points.txt
writing requirements to reactivegraph.egg-info/requires.txt
writing top-level names to reactivegraph.egg-info/top_level.txt
reading manifest file 'reactivegraph.egg-info/SOURCES.txt'
writing manifest file 'reactivegraph.egg-info/SOURCES.txt'
running bdist_wheel
running build
running build_py
creating build/lib/reactivegraph
copying reactivegraph/prebuilt.py -> build/lib/reactivegraph
copying reactivegraph/host.py -> build/lib/reactivegraph
copying reactivegraph/protocol.py -> build/lib/reactivegraph
copying reactivegraph/graph.py -> build/lib/reactivegraph
copying reactivegraph/_protocol_version.py -> build/lib/reactivegraph
copying reactivegraph/__init__.py -> build/lib/reactivegraph
copying reactivegraph/functional.py -> build/lib/reactivegraph
copying reactivegraph/cli.py -> build/lib/reactivegraph
copying reactivegraph/state.py -> build/lib/reactivegraph
running egg_info
writing reactivegraph.egg-info/PKG-INFO
writing dependency_links to reactivegraph.egg-info/dependency_links.txt
writing entry points to reactivegraph.egg-info/entry_points.txt
writing requirements to reactivegraph.egg-info/requires.txt
writing top-level names to reactivegraph.egg-info/top_level.txt
reading manifest file 'reactivegraph.egg-info/SOURCES.txt'
writing manifest file 'reactivegraph.egg-info/SOURCES.txt'
installing to build/bdist.macosx-10.15-x86_64/wheel
running install
running install_lib
creating build/bdist.macosx-10.15-x86_64/wheel
creating build/bdist.macosx-10.15-x86_64/wheel/reactivegraph
copying build/lib/reactivegraph/prebuilt.py -> build/bdist.macosx-10.15-x86_64/wheel/./reactivegraph
copying build/lib/reactivegraph/host.py -> build/bdist.macosx-10.15-x86_64/wheel/./reactivegraph
copying build/lib/reactivegraph/protocol.py -> build/bdist.macosx-10.15-x86_64/wheel/./reactivegraph
copying build/lib/reactivegraph/graph.py -> build/bdist.macosx-10.15-x86_64/wheel/./reactivegraph
copying build/lib/reactivegraph/_protocol_version.py -> build/bdist.macosx-10.15-x86_64/wheel/./reactivegraph
copying build/lib/reactivegraph/__init__.py -> build/bdist.macosx-10.15-x86_64/wheel/./reactivegraph
copying build/lib/reactivegraph/functional.py -> build/bdist.macosx-10.15-x86_64/wheel/./reactivegraph
copying build/lib/reactivegraph/cli.py -> build/bdist.macosx-10.15-x86_64/wheel/./reactivegraph
copying build/lib/reactivegraph/state.py -> build/bdist.macosx-10.15-x86_64/wheel/./reactivegraph
running install_egg_info
Copying reactivegraph.egg-info to build/bdist.macosx-10.15-x86_64/wheel/./reactivegraph-0.1.0-py3.12.egg-info
running install_scripts
creating build/bdist.macosx-10.15-x86_64/wheel/reactivegraph-0.1.0.dist-info/WHEEL
creating '/tmp/proof-dist/reactivegraph/.tmp-l_rjng1a/reactivegraph-0.1.0-py3-none-any.whl' and adding 'build/bdist.macosx-10.15-x86_64/wheel' to it
adding 'reactivegraph/__init__.py'
adding 'reactivegraph/_protocol_version.py'
adding 'reactivegraph/cli.py'
adding 'reactivegraph/functional.py'
adding 'reactivegraph/graph.py'
adding 'reactivegraph/host.py'
adding 'reactivegraph/prebuilt.py'
adding 'reactivegraph/protocol.py'
adding 'reactivegraph/state.py'
adding 'reactivegraph-0.1.0.dist-info/METADATA'
adding 'reactivegraph-0.1.0.dist-info/WHEEL'
adding 'reactivegraph-0.1.0.dist-info/entry_points.txt'
adding 'reactivegraph-0.1.0.dist-info/top_level.txt'
adding 'reactivegraph-0.1.0.dist-info/RECORD'
removing build/bdist.macosx-10.15-x86_64/wheel
Successfully built /tmp/proof-dist/reactivegraph/reactivegraph-0.1.0.tar.gz
Successfully built /tmp/proof-dist/reactivegraph/reactivegraph-0.1.0-py3-none-any.whl
